PersonWithFields
	Id = Guid
	Name = John
	Height = 175
	Age = 25
