PersonWithWeight
	Id = Guid
	Name = John
	Age = 25
