Person
	Id = Guid
	Name = John
	Height = 176
	Age = 25
